// Jest Snapshot v1, https://goo.gl/fbAQLP

exports[`<Badge /> should render a <Badge/> components 1`] = `
<div>
  <div
    class="wtx-badge wtx-badge__default"
  >
    默认
  </div>
</div>
`;
