// Jest Snapshot v1, https://goo.gl/fbAQLP

exports[`Loading should render Loading components 1`] = `
Array [
  <div />,
  <div />,
]
`;
