// Jest Snapshot v1, https://goo.gl/fbAQLP

exports[`Dialog should render Dialog components 1`] = `
Array [
  <section
    class="wtx-dialog__theme-dark"
  >
    <div
      class="wtx-dialog__header"
    >
      <img
        alt=""
        class="wtx-image-icon m-r-8"
        src="assets/Q017.png"
        style="width:16;height:18"
      />
      <span
        class="wtx-dialog__title"
      >
        视频分析
      </span>
      <div
        class="wtx-dialog__expand"
      >
        <button
          class="wtx-button"
          type="button"
        >
          近七天记录
        </button>
      </div>
      <img
        alt=""
        class="wtx-image-icon wtx-image-icon__clickable"
        src="/assets/close-icon.png"
        style="width:18;height:18"
      />
    </div>
    <div
      class="wtx-dialog__content"
    >
      <div
        style="width:100px;height:100px"
      />
    </div>
  </section>,
  <section
    class="wtx-dialog__theme-light"
  >
    <div
      class="wtx-dialog__header"
    >
      <img
        alt=""
        class="wtx-image-icon m-r-8"
        src="assets/Q017.png"
        style="width:16;height:18"
      />
      <span
        class="wtx-dialog__title"
      >
        视频分析
      </span>
      <div
        class="wtx-dialog__expand"
      >
        <button
          class="wtx-button"
          type="button"
        >
          近七天记录
        </button>
      </div>
      <img
        alt=""
        class="wtx-image-icon wtx-image-icon__clickable"
        src="/assets/close-icon.png"
        style="width:18;height:18"
      />
    </div>
    <div
      class="wtx-dialog__content"
    >
      <div
        style="width:100px;height:100px"
      />
    </div>
  </section>,
]
`;
