// Jest Snapshot v1, https://goo.gl/fbAQLP

exports[`<Tag /> should render a <Tag/> components 1`] = `
<div>
  <div
    class="wtx-tag"
  >
    默认
  </div>
  <div
    class="wtx-tag wtx-tag__radius"
  >
    默认
  </div>
</div>
`;
